<?xml version="1.0"?>
<link_info>
   <banner>TI ARM Linker PC v16.9.11.LTS</banner>
   <copyright>Copyright (c) 1996-2017 Texas Instruments Incorporated</copyright>
   <link_time>0x645eac33</link_time>
   <link_errors>0x0</link_errors>
   <output_file>int_sw.out</output_file>
   <entry_point>
      <name>_c_int00</name>
      <address>0x20009699</address>
   </entry_point>
   <input_file_list>
      <input_file id="fl-2">
         <path>.\</path>
         <kind>object</kind>
         <file>Adafruit_GFX.obj</file>
         <name>Adafruit_GFX.obj</name>
      </input_file>
      <input_file id="fl-3">
         <path>.\</path>
         <kind>object</kind>
         <file>Adafruit_OLED.obj</file>
         <name>Adafruit_OLED.obj</name>
      </input_file>
      <input_file id="fl-4">
         <path>.\</path>
         <kind>object</kind>
         <file>main.obj</file>
         <name>main.obj</name>
      </input_file>
      <input_file id="fl-5">
         <path>.\</path>
         <kind>object</kind>
         <file>pin_mux_config.obj</file>
         <name>pin_mux_config.obj</name>
      </input_file>
      <input_file id="fl-6">
         <path>.\</path>
         <kind>object</kind>
         <file>startup_ccs.obj</file>
         <name>startup_ccs.obj</name>
      </input_file>
      <input_file id="fl-7">
         <path>.\</path>
         <kind>object</kind>
         <file>test.obj</file>
         <name>test.obj</name>
      </input_file>
      <input_file id="fl-8">
         <path>.\</path>
         <kind>object</kind>
         <file>timer_if.obj</file>
         <name>timer_if.obj</name>
      </input_file>
      <input_file id="fl-9">
         <path>.\</path>
         <kind>object</kind>
         <file>uart_if.obj</file>
         <name>uart_if.obj</name>
      </input_file>
      <input_file id="fl-e">
         <kind>object</kind>
         <file>&lt;internal&gt;</file>
         <name>&lt;internal&gt;</name>
      </input_file>
      <input_file id="fl-c4">
         <path>C:\ti\ccs1220\ccs\tools\compiler\ti-cgt-arm_16.9.11.LTS\lib\</path>
         <kind>archive</kind>
         <file>rtsv7M4_T_le_v4SPD16_eabi.lib</file>
         <name>boot.obj</name>
      </input_file>
      <input_file id="fl-c5">
         <path>C:\ti\ccs1220\ccs\tools\compiler\ti-cgt-arm_16.9.11.LTS\lib\</path>
         <kind>archive</kind>
         <file>rtsv7M4_T_le_v4SPD16_eabi.lib</file>
         <name>copy_decompress_lzss.obj</name>
      </input_file>
      <input_file id="fl-c6">
         <path>C:\ti\ccs1220\ccs\tools\compiler\ti-cgt-arm_16.9.11.LTS\lib\</path>
         <kind>archive</kind>
         <file>rtsv7M4_T_le_v4SPD16_eabi.lib</file>
         <name>copy_decompress_none.obj</name>
      </input_file>
      <input_file id="fl-c7">
         <path>C:\ti\ccs1220\ccs\tools\compiler\ti-cgt-arm_16.9.11.LTS\lib\</path>
         <kind>archive</kind>
         <file>rtsv7M4_T_le_v4SPD16_eabi.lib</file>
         <name>copy_zero_init.obj</name>
      </input_file>
      <input_file id="fl-c8">
         <path>C:\ti\ccs1220\ccs\tools\compiler\ti-cgt-arm_16.9.11.LTS\lib\</path>
         <kind>archive</kind>
         <file>rtsv7M4_T_le_v4SPD16_eabi.lib</file>
         <name>exit.obj</name>
      </input_file>
      <input_file id="fl-c9">
         <path>C:\ti\ccs1220\ccs\tools\compiler\ti-cgt-arm_16.9.11.LTS\lib\</path>
         <kind>archive</kind>
         <file>rtsv7M4_T_le_v4SPD16_eabi.lib</file>
         <name>memcpy_t2.obj</name>
      </input_file>
      <input_file id="fl-ca">
         <path>C:\ti\ccs1220\ccs\tools\compiler\ti-cgt-arm_16.9.11.LTS\lib\</path>
         <kind>archive</kind>
         <file>rtsv7M4_T_le_v4SPD16_eabi.lib</file>
         <name>memmov.obj</name>
      </input_file>
      <input_file id="fl-cb">
         <path>C:\ti\ccs1220\ccs\tools\compiler\ti-cgt-arm_16.9.11.LTS\lib\</path>
         <kind>archive</kind>
         <file>rtsv7M4_T_le_v4SPD16_eabi.lib</file>
         <name>memory.obj</name>
      </input_file>
      <input_file id="fl-cc">
         <path>C:\ti\ccs1220\ccs\tools\compiler\ti-cgt-arm_16.9.11.LTS\lib\</path>
         <kind>archive</kind>
         <file>rtsv7M4_T_le_v4SPD16_eabi.lib</file>
         <name>memset_t2.obj</name>
      </input_file>
      <input_file id="fl-cd">
         <path>C:\ti\ccs1220\ccs\tools\compiler\ti-cgt-arm_16.9.11.LTS\lib\</path>
         <kind>archive</kind>
         <file>rtsv7M4_T_le_v4SPD16_eabi.lib</file>
         <name>mpu_init.obj</name>
      </input_file>
      <input_file id="fl-ce">
         <path>C:\ti\ccs1220\ccs\tools\compiler\ti-cgt-arm_16.9.11.LTS\lib\</path>
         <kind>archive</kind>
         <file>rtsv7M4_T_le_v4SPD16_eabi.lib</file>
         <name>pre_init.obj</name>
      </input_file>
      <input_file id="fl-cf">
         <path>C:\ti\ccs1220\ccs\tools\compiler\ti-cgt-arm_16.9.11.LTS\lib\</path>
         <kind>archive</kind>
         <file>rtsv7M4_T_le_v4SPD16_eabi.lib</file>
         <name>stkdepth_vars.obj</name>
      </input_file>
      <input_file id="fl-d0">
         <path>C:\ti\ccs1220\ccs\tools\compiler\ti-cgt-arm_16.9.11.LTS\lib\</path>
         <kind>archive</kind>
         <file>rtsv7M4_T_le_v4SPD16_eabi.lib</file>
         <name>strlen.obj</name>
      </input_file>
      <input_file id="fl-d1">
         <path>C:\ti\ccs1220\ccs\tools\compiler\ti-cgt-arm_16.9.11.LTS\lib\</path>
         <kind>archive</kind>
         <file>rtsv7M4_T_le_v4SPD16_eabi.lib</file>
         <name>vsnprintf.obj</name>
      </input_file>
      <input_file id="fl-d2">
         <path>C:\ti\ccs1220\ccs\tools\compiler\ti-cgt-arm_16.9.11.LTS\lib\</path>
         <kind>archive</kind>
         <file>rtsv7M4_T_le_v4SPD16_eabi.lib</file>
         <name>_lock.obj</name>
      </input_file>
      <input_file id="fl-d3">
         <path>C:\ti\ccs1220\ccs\tools\compiler\ti-cgt-arm_16.9.11.LTS\lib\</path>
         <kind>archive</kind>
         <file>rtsv7M4_T_le_v4SPD16_eabi.lib</file>
         <name>_printfi.obj</name>
      </input_file>
      <input_file id="fl-d4">
         <path>C:\ti\ccs1220\ccs\tools\compiler\ti-cgt-arm_16.9.11.LTS\lib\</path>
         <kind>archive</kind>
         <file>rtsv7M4_T_le_v4SPD16_eabi.lib</file>
         <name>args_main.obj</name>
      </input_file>
      <input_file id="fl-d5">
         <path>C:\ti\ccs1220\ccs\tools\compiler\ti-cgt-arm_16.9.11.LTS\lib\</path>
         <kind>archive</kind>
         <file>rtsv7M4_T_le_v4SPD16_eabi.lib</file>
         <name>atoi.obj</name>
      </input_file>
      <input_file id="fl-d6">
         <path>C:\ti\ccs1220\ccs\tools\compiler\ti-cgt-arm_16.9.11.LTS\lib\</path>
         <kind>archive</kind>
         <file>rtsv7M4_T_le_v4SPD16_eabi.lib</file>
         <name>autoinit.obj</name>
      </input_file>
      <input_file id="fl-d7">
         <path>C:\ti\ccs1220\ccs\tools\compiler\ti-cgt-arm_16.9.11.LTS\lib\</path>
         <kind>archive</kind>
         <file>rtsv7M4_T_le_v4SPD16_eabi.lib</file>
         <name>cpy_tbl.obj</name>
      </input_file>
      <input_file id="fl-d8">
         <path>C:\ti\ccs1220\ccs\tools\compiler\ti-cgt-arm_16.9.11.LTS\lib\</path>
         <kind>archive</kind>
         <file>rtsv7M4_T_le_v4SPD16_eabi.lib</file>
         <name>ctype.obj</name>
      </input_file>
      <input_file id="fl-d9">
         <path>C:\ti\ccs1220\ccs\tools\compiler\ti-cgt-arm_16.9.11.LTS\lib\</path>
         <kind>archive</kind>
         <file>rtsv7M4_T_le_v4SPD16_eabi.lib</file>
         <name>fd_add_t2.obj</name>
      </input_file>
      <input_file id="fl-da">
         <path>C:\ti\ccs1220\ccs\tools\compiler\ti-cgt-arm_16.9.11.LTS\lib\</path>
         <kind>archive</kind>
         <file>rtsv7M4_T_le_v4SPD16_eabi.lib</file>
         <name>fd_cmp_t2.obj</name>
      </input_file>
      <input_file id="fl-db">
         <path>C:\ti\ccs1220\ccs\tools\compiler\ti-cgt-arm_16.9.11.LTS\lib\</path>
         <kind>archive</kind>
         <file>rtsv7M4_T_le_v4SPD16_eabi.lib</file>
         <name>fd_div_t2.obj</name>
      </input_file>
      <input_file id="fl-dc">
         <path>C:\ti\ccs1220\ccs\tools\compiler\ti-cgt-arm_16.9.11.LTS\lib\</path>
         <kind>archive</kind>
         <file>rtsv7M4_T_le_v4SPD16_eabi.lib</file>
         <name>fd_mul_t2.obj</name>
      </input_file>
      <input_file id="fl-dd">
         <path>C:\ti\ccs1220\ccs\tools\compiler\ti-cgt-arm_16.9.11.LTS\lib\</path>
         <kind>archive</kind>
         <file>rtsv7M4_T_le_v4SPD16_eabi.lib</file>
         <name>fd_toi_t2.obj</name>
      </input_file>
      <input_file id="fl-de">
         <path>C:\ti\ccs1220\ccs\tools\compiler\ti-cgt-arm_16.9.11.LTS\lib\</path>
         <kind>archive</kind>
         <file>rtsv7M4_T_le_v4SPD16_eabi.lib</file>
         <name>i_tofd_t2.obj</name>
      </input_file>
      <input_file id="fl-df">
         <path>C:\ti\ccs1220\ccs\tools\compiler\ti-cgt-arm_16.9.11.LTS\lib\</path>
         <kind>archive</kind>
         <file>rtsv7M4_T_le_v4SPD16_eabi.lib</file>
         <name>ltoa.obj</name>
      </input_file>
      <input_file id="fl-e0">
         <path>C:\ti\ccs1220\ccs\tools\compiler\ti-cgt-arm_16.9.11.LTS\lib\</path>
         <kind>archive</kind>
         <file>rtsv7M4_T_le_v4SPD16_eabi.lib</file>
         <name>memccpy.obj</name>
      </input_file>
      <input_file id="fl-e1">
         <path>C:\ti\ccs1220\ccs\tools\compiler\ti-cgt-arm_16.9.11.LTS\lib\</path>
         <kind>archive</kind>
         <file>rtsv7M4_T_le_v4SPD16_eabi.lib</file>
         <name>s_frexp.obj</name>
      </input_file>
      <input_file id="fl-e2">
         <path>C:\ti\ccs1220\ccs\tools\compiler\ti-cgt-arm_16.9.11.LTS\lib\</path>
         <kind>archive</kind>
         <file>rtsv7M4_T_le_v4SPD16_eabi.lib</file>
         <name>s_scalbn.obj</name>
      </input_file>
      <input_file id="fl-e3">
         <path>C:\ti\ccs1220\ccs\tools\compiler\ti-cgt-arm_16.9.11.LTS\lib\</path>
         <kind>archive</kind>
         <file>rtsv7M4_T_le_v4SPD16_eabi.lib</file>
         <name>startup.obj</name>
      </input_file>
      <input_file id="fl-e4">
         <path>C:\ti\ccs1220\ccs\tools\compiler\ti-cgt-arm_16.9.11.LTS\lib\</path>
         <kind>archive</kind>
         <file>rtsv7M4_T_le_v4SPD16_eabi.lib</file>
         <name>strchr.obj</name>
      </input_file>
      <input_file id="fl-e5">
         <path>C:\ti\ccs1220\ccs\tools\compiler\ti-cgt-arm_16.9.11.LTS\lib\</path>
         <kind>archive</kind>
         <file>rtsv7M4_T_le_v4SPD16_eabi.lib</file>
         <name>ull_div_t2.obj</name>
      </input_file>
      <input_file id="fl-e6">
         <path>C:\ti\ccs1220\ccs\tools\compiler\ti-cgt-arm_16.9.11.LTS\lib\</path>
         <kind>archive</kind>
         <file>rtsv7M4_T_le_v4SPD16_eabi.lib</file>
         <name>errno.obj</name>
      </input_file>
      <input_file id="fl-e7">
         <path>C:\ti\ccs1220\ccs\tools\compiler\ti-cgt-arm_16.9.11.LTS\lib\</path>
         <kind>archive</kind>
         <file>rtsv7M4_T_le_v4SPD16_eabi.lib</file>
         <name>s_copysign.obj</name>
      </input_file>
      <input_file id="fl-e8">
         <path>C:\ti\CC3200SDK_1.3.0\cc3200-sdk\driverlib\ccs\Release\</path>
         <kind>archive</kind>
         <file>driverlib.a</file>
         <name>gpio.obj</name>
      </input_file>
      <input_file id="fl-e9">
         <path>C:\ti\CC3200SDK_1.3.0\cc3200-sdk\driverlib\ccs\Release\</path>
         <kind>archive</kind>
         <file>driverlib.a</file>
         <name>interrupt.obj</name>
      </input_file>
      <input_file id="fl-ea">
         <path>C:\ti\CC3200SDK_1.3.0\cc3200-sdk\driverlib\ccs\Release\</path>
         <kind>archive</kind>
         <file>driverlib.a</file>
         <name>pin.obj</name>
      </input_file>
      <input_file id="fl-eb">
         <path>C:\ti\CC3200SDK_1.3.0\cc3200-sdk\driverlib\ccs\Release\</path>
         <kind>archive</kind>
         <file>driverlib.a</file>
         <name>prcm.obj</name>
      </input_file>
      <input_file id="fl-ec">
         <path>C:\ti\CC3200SDK_1.3.0\cc3200-sdk\driverlib\ccs\Release\</path>
         <kind>archive</kind>
         <file>driverlib.a</file>
         <name>spi.obj</name>
      </input_file>
      <input_file id="fl-ed">
         <path>C:\ti\CC3200SDK_1.3.0\cc3200-sdk\driverlib\ccs\Release\</path>
         <kind>archive</kind>
         <file>driverlib.a</file>
         <name>timer.obj</name>
      </input_file>
      <input_file id="fl-ee">
         <path>C:\ti\CC3200SDK_1.3.0\cc3200-sdk\driverlib\ccs\Release\</path>
         <kind>archive</kind>
         <file>driverlib.a</file>
         <name>uart.obj</name>
      </input_file>
      <input_file id="fl-ef">
         <path>C:\ti\CC3200SDK_1.3.0\cc3200-sdk\driverlib\ccs\Release\</path>
         <kind>archive</kind>
         <file>driverlib.a</file>
         <name>utils.obj</name>
      </input_file>
      <input_file id="fl-f0">
         <path>C:\ti\CC3200SDK_1.3.0\cc3200-sdk\driverlib\ccs\Release\</path>
         <kind>archive</kind>
         <file>driverlib.a</file>
         <name>cpu.obj</name>
      </input_file>
      <input_file id="fl-f1">
         <path>C:\ti\CC3200SDK_1.3.0\cc3200-sdk\driverlib\ccs\Release\</path>
         <kind>archive</kind>
         <file>driverlib.a</file>
         <name>flash.obj</name>
      </input_file>
   </input_file_list>
   <object_component_list>
      <object_component id="oc-f">
         <name>.intvecs</name>
         <load_address>0x20004000</load_address>
         <run_address>0x20004000</run_address>
         <size>0x400</size>
         <input_file_ref idref="fl-6"/>
      </object_component>
      <object_component id="oc-32e">
         <name>.text</name>
         <load_address>0x20004400</load_address>
         <run_address>0x20004400</run_address>
         <size>0x113e</size>
         <input_file_ref idref="fl-d3"/>
      </object_component>
      <object_component id="oc-38b">
         <name>.text:IntDefaultHandler</name>
         <load_address>0x2000553e</load_address>
         <run_address>0x2000553e</run_address>
         <size>0x2</size>
         <input_file_ref idref="fl-e9"/>
      </object_component>
      <object_component id="oc-a8">
         <name>.text</name>
         <load_address>0x20005540</load_address>
         <run_address>0x20005540</run_address>
         <size>0xdc4</size>
         <input_file_ref idref="fl-4"/>
      </object_component>
      <object_component id="oc-151">
         <name>.text</name>
         <load_address>0x20006304</load_address>
         <run_address>0x20006304</run_address>
         <size>0xa80</size>
         <input_file_ref idref="fl-2"/>
      </object_component>
      <object_component id="oc-127">
         <name>.text</name>
         <load_address>0x20006d84</load_address>
         <run_address>0x20006d84</run_address>
         <size>0x992</size>
         <input_file_ref idref="fl-7"/>
      </object_component>
      <object_component id="oc-59">
         <name>.text</name>
         <load_address>0x20007716</load_address>
         <run_address>0x20007716</run_address>
         <size>0x2</size>
         <input_file_ref idref="fl-cd"/>
      </object_component>
      <object_component id="oc-121">
         <name>.text</name>
         <load_address>0x20007718</load_address>
         <run_address>0x20007718</run_address>
         <size>0x4aa</size>
         <input_file_ref idref="fl-3"/>
      </object_component>
      <object_component id="oc-a0">
         <name>.text</name>
         <load_address>0x20007bc2</load_address>
         <run_address>0x20007bc2</run_address>
         <size>0x2</size>
         <input_file_ref idref="fl-e3"/>
      </object_component>
      <object_component id="oc-24f">
         <name>.text</name>
         <load_address>0x20007bc4</load_address>
         <run_address>0x20007bc4</run_address>
         <size>0x3d0</size>
         <input_file_ref idref="fl-cb"/>
      </object_component>
      <object_component id="oc-f6">
         <name>.text</name>
         <load_address>0x20007f94</load_address>
         <run_address>0x20007f94</run_address>
         <size>0x280</size>
         <input_file_ref idref="fl-9"/>
      </object_component>
      <object_component id="oc-392">
         <name>.text</name>
         <load_address>0x20008214</load_address>
         <run_address>0x20008214</run_address>
         <size>0x1f4</size>
         <input_file_ref idref="fl-e5"/>
      </object_component>
      <object_component id="oc-3bb">
         <name>.text</name>
         <load_address>0x20008408</load_address>
         <run_address>0x20008408</run_address>
         <size>0x1b6</size>
         <input_file_ref idref="fl-d9"/>
      </object_component>
      <object_component id="oc-e4">
         <name>.text</name>
         <load_address>0x200085c0</load_address>
         <run_address>0x200085c0</run_address>
         <size>0x198</size>
         <input_file_ref idref="fl-8"/>
      </object_component>
      <object_component id="oc-18a">
         <name>.text:PRCMCC3200MCUInit</name>
         <load_address>0x20008758</load_address>
         <run_address>0x20008758</run_address>
         <size>0x178</size>
         <input_file_ref idref="fl-eb"/>
      </object_component>
      <object_component id="oc-3a1">
         <name>.text</name>
         <load_address>0x200088d0</load_address>
         <run_address>0x200088d0</run_address>
         <size>0x136</size>
         <input_file_ref idref="fl-db"/>
      </object_component>
      <object_component id="oc-192">
         <name>.text</name>
         <load_address>0x20008a08</load_address>
         <run_address>0x20008a08</run_address>
         <size>0x128</size>
         <input_file_ref idref="fl-5"/>
      </object_component>
      <object_component id="oc-39c">
         <name>.text</name>
         <load_address>0x20008b30</load_address>
         <run_address>0x20008b30</run_address>
         <size>0xfc</size>
         <input_file_ref idref="fl-dc"/>
      </object_component>
      <object_component id="oc-3c6">
         <name>.text</name>
         <load_address>0x20008c2c</load_address>
         <run_address>0x20008c2c</run_address>
         <size>0xfc</size>
         <input_file_ref idref="fl-e2"/>
      </object_component>
      <object_component id="oc-31f">
         <name>.text:IntDisable</name>
         <load_address>0x20008d28</load_address>
         <run_address>0x20008d28</run_address>
         <size>0xa8</size>
         <input_file_ref idref="fl-e9"/>
      </object_component>
      <object_component id="oc-184">
         <name>.text:IntEnable</name>
         <load_address>0x20008dd0</load_address>
         <run_address>0x20008dd0</run_address>
         <size>0xa8</size>
         <input_file_ref idref="fl-e9"/>
      </object_component>
      <object_component id="oc-115">
         <name>.text:SPIConfigSetExpClk</name>
         <load_address>0x20008e78</load_address>
         <run_address>0x20008e78</run_address>
         <size>0xa0</size>
         <input_file_ref idref="fl-ec"/>
      </object_component>
      <object_component id="oc-41">
         <name>.text</name>
         <load_address>0x20008f18</load_address>
         <run_address>0x20008f18</run_address>
         <size>0x9c</size>
         <input_file_ref idref="fl-c9"/>
      </object_component>
      <object_component id="oc-10f">
         <name>.text:PRCMPeripheralClockGet</name>
         <load_address>0x20008fb4</load_address>
         <run_address>0x20008fb4</run_address>
         <size>0x94</size>
         <input_file_ref idref="fl-eb"/>
      </object_component>
      <object_component id="oc-29c">
         <name>.text:PinConfigSet</name>
         <load_address>0x20009048</load_address>
         <run_address>0x20009048</run_address>
         <size>0x88</size>
         <input_file_ref idref="fl-ea"/>
      </object_component>
      <object_component id="oc-237">
         <name>.text</name>
         <load_address>0x200090d0</load_address>
         <run_address>0x200090d0</run_address>
         <size>0x88</size>
         <input_file_ref idref="fl-d1"/>
      </object_component>
      <object_component id="oc-397">
         <name>.text:__aeabi_cdcmple</name>
         <load_address>0x20009158</load_address>
         <run_address>0x20009158</run_address>
         <size>0x86</size>
         <input_file_ref idref="fl-da"/>
      </object_component>
      <object_component id="oc-3a6">
         <name>.text:__aeabi_cdrcmple</name>
         <load_address>0x200091de</load_address>
         <run_address>0x200091de</run_address>
         <size>0x86</size>
         <input_file_ref idref="fl-da"/>
      </object_component>
      <object_component id="oc-1aa">
         <name>.text:GPIOIntTypeSet</name>
         <load_address>0x20009264</load_address>
         <run_address>0x20009264</run_address>
         <size>0x82</size>
         <input_file_ref idref="fl-e8"/>
      </object_component>
      <object_component id="oc-4d">
         <name>.text</name>
         <load_address>0x200092e6</load_address>
         <run_address>0x200092e6</run_address>
         <size>0x7a</size>
         <input_file_ref idref="fl-cc"/>
      </object_component>
      <object_component id="oc-139">
         <name>.text:UARTConfigSetExpClk</name>
         <load_address>0x20009360</load_address>
         <run_address>0x20009360</run_address>
         <size>0x76</size>
         <input_file_ref idref="fl-ee"/>
      </object_component>
      <object_component id="oc-203">
         <name>.text:TimerIntRegister</name>
         <load_address>0x200093d8</load_address>
         <run_address>0x200093d8</run_address>
         <size>0x70</size>
         <input_file_ref idref="fl-ed"/>
      </object_component>
      <object_component id="oc-65">
         <name>.text</name>
         <load_address>0x20009448</load_address>
         <run_address>0x20009448</run_address>
         <size>0x70</size>
         <input_file_ref idref="fl-d6"/>
      </object_component>
      <object_component id="oc-22d">
         <name>.text:TimerIntUnregister</name>
         <load_address>0x200094b8</load_address>
         <run_address>0x200094b8</run_address>
         <size>0x68</size>
         <input_file_ref idref="fl-ed"/>
      </object_component>
      <object_component id="oc-12">
         <name>.text:decompress:lzss</name>
         <load_address>0x20009520</load_address>
         <run_address>0x20009520</run_address>
         <size>0x68</size>
         <input_file_ref idref="fl-c5"/>
      </object_component>
      <object_component id="oc-3c0">
         <name>.text</name>
         <load_address>0x20009588</load_address>
         <run_address>0x20009588</run_address>
         <size>0x64</size>
         <input_file_ref idref="fl-e1"/>
      </object_component>
      <object_component id="oc-198">
         <name>.text:PRCMPeripheralReset</name>
         <load_address>0x200095ec</load_address>
         <run_address>0x200095ec</run_address>
         <size>0x58</size>
         <input_file_ref idref="fl-eb"/>
      </object_component>
      <object_component id="oc-1fd">
         <name>.text:IntPrioritySet</name>
         <load_address>0x20009644</load_address>
         <run_address>0x20009644</run_address>
         <size>0x54</size>
         <input_file_ref idref="fl-e9"/>
      </object_component>
      <object_component id="oc-24">
         <name>.text</name>
         <load_address>0x20009698</load_address>
         <run_address>0x20009698</run_address>
         <size>0x54</size>
         <input_file_ref idref="fl-c4"/>
      </object_component>
      <object_component id="oc-71">
         <name>.text</name>
         <load_address>0x200096ec</load_address>
         <run_address>0x200096ec</run_address>
         <size>0x54</size>
         <input_file_ref idref="fl-c8"/>
      </object_component>
      <object_component id="oc-3b0">
         <name>.text</name>
         <load_address>0x20009740</load_address>
         <run_address>0x20009740</run_address>
         <size>0x54</size>
         <input_file_ref idref="fl-df"/>
      </object_component>
      <object_component id="oc-3d2">
         <name>.text</name>
         <load_address>0x20009794</load_address>
         <run_address>0x20009794</run_address>
         <size>0x4c</size>
         <input_file_ref idref="fl-d5"/>
      </object_component>
      <object_component id="oc-9a">
         <name>.text</name>
         <load_address>0x200097e0</load_address>
         <run_address>0x200097e0</run_address>
         <size>0x4c</size>
         <input_file_ref idref="fl-d7"/>
      </object_component>
      <object_component id="oc-2f5">
         <name>.text:GPIOGetIntNumber</name>
         <load_address>0x2000982c</load_address>
         <run_address>0x2000982c</run_address>
         <size>0x48</size>
         <input_file_ref idref="fl-e8"/>
      </object_component>
      <object_component id="oc-3ab">
         <name>.text</name>
         <load_address>0x20009874</load_address>
         <run_address>0x20009874</run_address>
         <size>0x48</size>
         <input_file_ref idref="fl-dd"/>
      </object_component>
      <object_component id="oc-1f1">
         <name>.text:TimerConfigure</name>
         <load_address>0x200098bc</load_address>
         <run_address>0x200098bc</run_address>
         <size>0x44</size>
         <input_file_ref idref="fl-ed"/>
      </object_component>
      <object_component id="oc-306">
         <name>.text:UARTIntNumberGet</name>
         <load_address>0x20009900</load_address>
         <run_address>0x20009900</run_address>
         <size>0x44</size>
         <input_file_ref idref="fl-ee"/>
      </object_component>
      <object_component id="oc-296">
         <name>.text:PinModeSet</name>
         <load_address>0x20009944</load_address>
         <run_address>0x20009944</run_address>
         <size>0x40</size>
         <input_file_ref idref="fl-ea"/>
      </object_component>
      <object_component id="oc-12d">
         <name>.text:PRCMPeripheralClkEnable</name>
         <load_address>0x20009984</load_address>
         <run_address>0x20009984</run_address>
         <size>0x3c</size>
         <input_file_ref idref="fl-eb"/>
      </object_component>
      <object_component id="oc-2e5">
         <name>.text:GPIODirModeSet</name>
         <load_address>0x200099c0</load_address>
         <run_address>0x200099c0</run_address>
         <size>0x36</size>
         <input_file_ref idref="fl-e8"/>
      </object_component>
      <object_component id="oc-2df">
         <name>.text:PinTypeGPIO</name>
         <load_address>0x200099f6</load_address>
         <run_address>0x200099f6</run_address>
         <size>0x30</size>
         <input_file_ref idref="fl-ea"/>
      </object_component>
      <object_component id="oc-2a3">
         <name>.text:UARTDisable</name>
         <load_address>0x20009a28</load_address>
         <run_address>0x20009a28</run_address>
         <size>0x30</size>
         <input_file_ref idref="fl-ee"/>
      </object_component>
      <object_component id="oc-3b6">
         <name>.text</name>
         <load_address>0x20009a58</load_address>
         <run_address>0x20009a58</run_address>
         <size>0x2e</size>
         <input_file_ref idref="fl-de"/>
      </object_component>
      <object_component id="oc-2c6">
         <name>.text:PRCMSysResetCauseGet</name>
         <load_address>0x20009a88</load_address>
         <run_address>0x20009a88</run_address>
         <size>0x2c</size>
         <input_file_ref idref="fl-eb"/>
      </object_component>
      <object_component id="oc-21b">
         <name>.text:TimerLoadSet</name>
         <load_address>0x20009ab4</load_address>
         <run_address>0x20009ab4</run_address>
         <size>0x2a</size>
         <input_file_ref idref="fl-ed"/>
      </object_component>
      <object_component id="oc-1f7">
         <name>.text:TimerPrescaleSet</name>
         <load_address>0x20009ade</load_address>
         <run_address>0x20009ade</run_address>
         <size>0x2a</size>
         <input_file_ref idref="fl-ed"/>
      </object_component>
      <object_component id="oc-2d8">
         <name>.text:PRCMPeripheralClkDisable</name>
         <load_address>0x20009b08</load_address>
         <run_address>0x20009b08</run_address>
         <size>0x28</size>
         <input_file_ref idref="fl-eb"/>
      </object_component>
      <object_component id="oc-325">
         <name>.text:IntUnregister</name>
         <load_address>0x20009b30</load_address>
         <run_address>0x20009b30</run_address>
         <size>0x24</size>
         <input_file_ref idref="fl-e9"/>
      </object_component>
      <object_component id="oc-13f">
         <name>.text:UARTEnable</name>
         <load_address>0x20009b54</load_address>
         <run_address>0x20009b54</run_address>
         <size>0x24</size>
         <input_file_ref idref="fl-ee"/>
      </object_component>
      <object_component id="oc-249">
         <name>.text</name>
         <load_address>0x20009b78</load_address>
         <run_address>0x20009b78</run_address>
         <size>0x24</size>
         <input_file_ref idref="fl-ca"/>
      </object_component>
      <object_component id="oc-d8">
         <name>.text:GPIOIntStatus</name>
         <load_address>0x20009b9c</load_address>
         <run_address>0x20009b9c</run_address>
         <size>0x22</size>
         <input_file_ref idref="fl-e8"/>
      </object_component>
      <object_component id="oc-109">
         <name>.text:SPIReset</name>
         <load_address>0x20009bbe</load_address>
         <run_address>0x20009bbe</run_address>
         <size>0x22</size>
         <input_file_ref idref="fl-ec"/>
      </object_component>
      <object_component id="oc-f0">
         <name>.text:TimerValueSet</name>
         <load_address>0x20009be0</load_address>
         <run_address>0x20009be0</run_address>
         <size>0x22</size>
         <input_file_ref idref="fl-ed"/>
      </object_component>
      <object_component id="oc-26e">
         <name>.text:GPIOPinWrite</name>
         <load_address>0x20009c02</load_address>
         <run_address>0x20009c02</run_address>
         <size>0x20</size>
         <input_file_ref idref="fl-e8"/>
      </object_component>
      <object_component id="oc-2fb">
         <name>.text:IntRegister</name>
         <load_address>0x20009c24</load_address>
         <run_address>0x20009c24</run_address>
         <size>0x20</size>
         <input_file_ref idref="fl-e9"/>
      </object_component>
      <object_component id="oc-280">
         <name>.text:SPIDataGet</name>
         <load_address>0x20009c44</load_address>
         <run_address>0x20009c44</run_address>
         <size>0x20</size>
         <input_file_ref idref="fl-ec"/>
      </object_component>
      <object_component id="oc-1a4">
         <name>.text:GPIOIntRegister</name>
         <load_address>0x20009c64</load_address>
         <run_address>0x20009c64</run_address>
         <size>0x1e</size>
         <input_file_ref idref="fl-e8"/>
      </object_component>
      <object_component id="oc-27a">
         <name>.text:SPIDataPut</name>
         <load_address>0x20009c82</load_address>
         <run_address>0x20009c82</run_address>
         <size>0x1e</size>
         <input_file_ref idref="fl-ec"/>
      </object_component>
      <object_component id="oc-221">
         <name>.text:TimerDisable</name>
         <load_address>0x20009ca0</load_address>
         <run_address>0x20009ca0</run_address>
         <size>0x1e</size>
         <input_file_ref idref="fl-ed"/>
      </object_component>
      <object_component id="oc-19e">
         <name>.text:TimerEnable</name>
         <load_address>0x20009cbe</load_address>
         <run_address>0x20009cbe</run_address>
         <size>0x1e</size>
         <input_file_ref idref="fl-ed"/>
      </object_component>
      <object_component id="oc-20f">
         <name>.text:TimerIntStatus</name>
         <load_address>0x20009cdc</load_address>
         <run_address>0x20009cdc</run_address>
         <size>0x1e</size>
         <input_file_ref idref="fl-ed"/>
      </object_component>
      <object_component id="oc-15d">
         <name>.text:UARTCharPut</name>
         <load_address>0x20009cfa</load_address>
         <run_address>0x20009cfa</run_address>
         <size>0x1e</size>
         <input_file_ref idref="fl-ee"/>
      </object_component>
      <object_component id="oc-1bc">
         <name>.text:UARTIntRegister</name>
         <load_address>0x20009d18</load_address>
         <run_address>0x20009d18</run_address>
         <size>0x1e</size>
         <input_file_ref idref="fl-ee"/>
      </object_component>
      <object_component id="oc-ea">
         <name>.text:TimerValueGet</name>
         <load_address>0x20009d36</load_address>
         <run_address>0x20009d36</run_address>
         <size>0x1c</size>
         <input_file_ref idref="fl-ed"/>
      </object_component>
      <object_component id="oc-23d">
         <name>.text:UARTCharGetNonBlocking</name>
         <load_address>0x20009d52</load_address>
         <run_address>0x20009d52</run_address>
         <size>0x1c</size>
         <input_file_ref idref="fl-ee"/>
      </object_component>
      <object_component id="oc-3d8">
         <name>.text</name>
         <load_address>0x20009d6e</load_address>
         <run_address>0x20009d6e</run_address>
         <size>0x1c</size>
         <input_file_ref idref="fl-e0"/>
      </object_component>
      <object_component id="oc-1b0">
         <name>.text:GPIOIntEnable</name>
         <load_address>0x20009d8a</load_address>
         <run_address>0x20009d8a</run_address>
         <size>0x1a</size>
         <input_file_ref idref="fl-e8"/>
      </object_component>
      <object_component id="oc-2eb">
         <name>.text:PinTypeSPI</name>
         <load_address>0x20009da4</load_address>
         <run_address>0x20009da4</run_address>
         <size>0x1a</size>
         <input_file_ref idref="fl-ea"/>
      </object_component>
      <object_component id="oc-133">
         <name>.text:PinTypeUART</name>
         <load_address>0x20009dbe</load_address>
         <run_address>0x20009dbe</run_address>
         <size>0x1a</size>
         <input_file_ref idref="fl-ea"/>
      </object_component>
      <object_component id="oc-286">
         <name>.text:SPICSDisable</name>
         <load_address>0x20009dd8</load_address>
         <run_address>0x20009dd8</run_address>
         <size>0x18</size>
         <input_file_ref idref="fl-ec"/>
      </object_component>
      <object_component id="oc-274">
         <name>.text:SPICSEnable</name>
         <load_address>0x20009df0</load_address>
         <run_address>0x20009df0</run_address>
         <size>0x18</size>
         <input_file_ref idref="fl-ec"/>
      </object_component>
      <object_component id="oc-11b">
         <name>.text:SPIEnable</name>
         <load_address>0x20009e08</load_address>
         <run_address>0x20009e08</run_address>
         <size>0x18</size>
         <input_file_ref idref="fl-ec"/>
      </object_component>
      <object_component id="oc-227">
         <name>.text:TimerIntDisable</name>
         <load_address>0x20009e20</load_address>
         <run_address>0x20009e20</run_address>
         <size>0x18</size>
         <input_file_ref idref="fl-ed"/>
      </object_component>
      <object_component id="oc-209">
         <name>.text:TimerIntEnable</name>
         <load_address>0x20009e38</load_address>
         <run_address>0x20009e38</run_address>
         <size>0x18</size>
         <input_file_ref idref="fl-ed"/>
      </object_component>
      <object_component id="oc-157">
         <name>.text:UARTBusy</name>
         <load_address>0x20009e50</load_address>
         <run_address>0x20009e50</run_address>
         <size>0x18</size>
         <input_file_ref idref="fl-ee"/>
      </object_component>
      <object_component id="oc-16f">
         <name>.text:UARTCharsAvail</name>
         <load_address>0x20009e68</load_address>
         <run_address>0x20009e68</run_address>
         <size>0x18</size>
         <input_file_ref idref="fl-ee"/>
      </object_component>
      <object_component id="oc-145">
         <name>.text:UARTDMADisable</name>
         <load_address>0x20009e80</load_address>
         <run_address>0x20009e80</run_address>
         <size>0x18</size>
         <input_file_ref idref="fl-ee"/>
      </object_component>
      <object_component id="oc-1b6">
         <name>.text:UARTIntEnable</name>
         <load_address>0x20009e98</load_address>
         <run_address>0x20009e98</run_address>
         <size>0x18</size>
         <input_file_ref idref="fl-ee"/>
      </object_component>
      <object_component id="oc-6b">
         <name>.text</name>
         <load_address>0x20009eb0</load_address>
         <run_address>0x20009eb0</run_address>
         <size>0x18</size>
         <input_file_ref idref="fl-d4"/>
      </object_component>
      <object_component id="oc-2cc">
         <name>.text:PRCMHIBRegRead</name>
         <load_address>0x20009ec8</load_address>
         <run_address>0x20009ec8</run_address>
         <size>0x16</size>
         <input_file_ref idref="fl-eb"/>
      </object_component>
      <object_component id="oc-2d2">
         <name>.text:PRCMHIBRegWrite</name>
         <load_address>0x20009ede</load_address>
         <run_address>0x20009ede</run_address>
         <size>0x16</size>
         <input_file_ref idref="fl-eb"/>
      </object_component>
      <object_component id="oc-169">
         <name>.text:UARTCharGet</name>
         <load_address>0x20009ef4</load_address>
         <run_address>0x20009ef4</run_address>
         <size>0x16</size>
         <input_file_ref idref="fl-ee"/>
      </object_component>
      <object_component id="oc-14b">
         <name>.text:UARTFIFODisable</name>
         <load_address>0x20009f0a</load_address>
         <run_address>0x20009f0a</run_address>
         <size>0x16</size>
         <input_file_ref idref="fl-ee"/>
      </object_component>
      <object_component id="oc-3cc">
         <name>.text</name>
         <load_address>0x20009f20</load_address>
         <run_address>0x20009f20</run_address>
         <size>0x16</size>
         <input_file_ref idref="fl-e4"/>
      </object_component>
      <object_component id="oc-2bb">
         <name>.text:CPUcpsie</name>
         <load_address>0x20009f36</load_address>
         <run_address>0x20009f36</run_address>
         <size>0x14</size>
         <input_file_ref idref="fl-f0"/>
      </object_component>
      <object_component id="oc-de">
         <name>.text:GPIOIntClear</name>
         <load_address>0x20009f4a</load_address>
         <run_address>0x20009f4a</run_address>
         <size>0x14</size>
         <input_file_ref idref="fl-e8"/>
      </object_component>
      <object_component id="oc-178">
         <name>.text:IntVTableBaseSet</name>
         <load_address>0x20009f60</load_address>
         <run_address>0x20009f60</run_address>
         <size>0x14</size>
         <input_file_ref idref="fl-e9"/>
      </object_component>
      <object_component id="oc-1d2">
         <name>.text</name>
         <load_address>0x20009f74</load_address>
         <run_address>0x20009f74</run_address>
         <size>0x14</size>
         <input_file_ref idref="fl-d2"/>
      </object_component>
      <object_component id="oc-411">
         <name>.text</name>
         <load_address>0x20009f88</load_address>
         <run_address>0x20009f88</run_address>
         <size>0x14</size>
         <input_file_ref idref="fl-e7"/>
      </object_component>
      <object_component id="oc-243">
         <name>.text</name>
         <load_address>0x20009f9c</load_address>
         <run_address>0x20009f9c</run_address>
         <size>0x14</size>
         <input_file_ref idref="fl-d0"/>
      </object_component>
      <object_component id="oc-215">
         <name>.text:TimerIntClear</name>
         <load_address>0x20009fb0</load_address>
         <run_address>0x20009fb0</run_address>
         <size>0x12</size>
         <input_file_ref idref="fl-ed"/>
      </object_component>
      <object_component id="oc-163">
         <name>.text:UARTIntClear</name>
         <load_address>0x20009fc2</load_address>
         <run_address>0x20009fc2</run_address>
         <size>0x12</size>
         <input_file_ref idref="fl-ee"/>
      </object_component>
      <object_component id="oc-18">
         <name>.text:decompress:none</name>
         <load_address>0x20009fd4</load_address>
         <run_address>0x20009fd4</run_address>
         <size>0xe</size>
         <input_file_ref idref="fl-c6"/>
      </object_component>
      <object_component id="oc-2d">
         <name>.text</name>
         <load_address>0x20009fe2</load_address>
         <run_address>0x20009fe2</run_address>
         <size>0xe</size>
         <input_file_ref idref="fl-6"/>
      </object_component>
      <object_component id="oc-1e">
         <name>.text:decompress:ZI</name>
         <load_address>0x20009ff0</load_address>
         <run_address>0x20009ff0</run_address>
         <size>0xc</size>
         <input_file_ref idref="fl-c7"/>
      </object_component>
      <object_component id="oc-17e">
         <name>.text:IntMasterEnable</name>
         <load_address>0x20009ffc</load_address>
         <run_address>0x20009ffc</run_address>
         <size>0xa</size>
         <input_file_ref idref="fl-e9"/>
      </object_component>
      <object_component id="oc-36b">
         <name>.text:UtilsDelay</name>
         <load_address>0x2000a006</load_address>
         <run_address>0x2000a006</run_address>
         <size>0x6</size>
         <input_file_ref idref="fl-ef"/>
      </object_component>
      <object_component id="oc-5f">
         <name>.text</name>
         <load_address>0x2000a00c</load_address>
         <run_address>0x2000a00c</run_address>
         <size>0x4</size>
         <input_file_ref idref="fl-ce"/>
      </object_component>
      <object_component id="oc-2ad">
         <name>.const:.string:font</name>
         <load_address>0x2000a010</load_address>
         <run_address>0x2000a010</run_address>
         <size>0x4fb</size>
         <input_file_ref idref="fl-2"/>
      </object_component>
      <object_component id="oc-28e">
         <name>.const:.string:font</name>
         <load_address>0x2000a50b</load_address>
         <run_address>0x2000a50b</run_address>
         <size>0x4fb</size>
         <input_file_ref idref="fl-7"/>
      </object_component>
      <object_component id="oc-41e">
         <name>.const:.string:_ctypes_</name>
         <load_address>0x2000aa06</load_address>
         <run_address>0x2000aa06</run_address>
         <size>0x101</size>
         <input_file_ref idref="fl-d8"/>
      </object_component>
      <object_component id="oc-35a">
         <name>.const:g_ulPinToPadMap</name>
         <load_address>0x2000ab08</load_address>
         <run_address>0x2000ab08</run_address>
         <size>0x100</size>
         <input_file_ref idref="fl-ea"/>
      </object_component>
      <object_component id="oc-313">
         <name>.const:g_pulRegs</name>
         <load_address>0x2000ac08</load_address>
         <run_address>0x2000ac08</run_address>
         <size>0xd4</size>
         <input_file_ref idref="fl-e9"/>
      </object_component>
      <object_component id="oc-292">
         <name>.const:PRCM_PeriphRegsList</name>
         <load_address>0x2000acdc</load_address>
         <run_address>0x2000acdc</run_address>
         <size>0xa8</size>
         <input_file_ref idref="fl-eb"/>
      </object_component>
      <object_component id="oc-387">
         <name>.const:g_pulDisRegs</name>
         <load_address>0x2000ad84</load_address>
         <run_address>0x2000ad84</run_address>
         <size>0x18</size>
         <input_file_ref idref="fl-e9"/>
      </object_component>
      <object_component id="oc-2c2">
         <name>.const:g_pulEnRegs</name>
         <load_address>0x2000ad9c</load_address>
         <run_address>0x2000ad9c</run_address>
         <size>0x18</size>
         <input_file_ref idref="fl-e9"/>
      </object_component>
      <object_component id="oc-37d">
         <name>.const:g_ppulUARTIntMap</name>
         <load_address>0x2000adb4</load_address>
         <run_address>0x2000adb4</run_address>
         <size>0x10</size>
         <input_file_ref idref="fl-ee"/>
      </object_component>
      <object_component id="oc-463">
         <name>.cinit..data.load</name>
         <load_address>0x2000adc8</load_address>
         <run_address>0x2000adc8</run_address>
         <size>0x3b</size>
      </object_component>
      <object_component id="oc-461">
         <name>__TI_handler_table</name>
         <load_address>0x2000ae04</load_address>
         <run_address>0x2000ae04</run_address>
         <size>0xc</size>
      </object_component>
      <object_component id="oc-464">
         <name>.cinit..bss.load</name>
         <load_address>0x2000ae10</load_address>
         <run_address>0x2000ae10</run_address>
         <size>0x8</size>
      </object_component>
      <object_component id="oc-462">
         <name>__TI_cinit_table</name>
         <load_address>0x2000ae18</load_address>
         <run_address>0x2000ae18</run_address>
         <size>0x10</size>
      </object_component>
      <object_component id="oc-2b0">
         <name>.data</name>
         <load_address>0x2001f328</load_address>
         <run_address>0x2001f328</run_address>
         <size>0x15</size>
         <input_file_ref idref="fl-2"/>
      </object_component>
      <object_component id="oc-106">
         <name>.data</name>
         <load_address>0x2001f300</load_address>
         <run_address>0x2001f300</run_address>
         <size>0x28</size>
         <input_file_ref idref="fl-4"/>
      </object_component>
      <object_component id="oc-fc">
         <name>.data:PIN8</name>
         <load_address>0x2001f360</load_address>
         <run_address>0x2001f360</run_address>
         <size>0x8</size>
         <input_file_ref idref="fl-4"/>
      </object_component>
      <object_component id="oc-b0">
         <name>.data:$O1$$</name>
         <load_address>0x2001f340</load_address>
         <run_address>0x2001f340</run_address>
         <size>0xc</size>
         <input_file_ref idref="fl-c8"/>
      </object_component>
      <object_component id="oc-345">
         <name>.data:$O1$$</name>
         <load_address>0x2001f34c</load_address>
         <run_address>0x2001f34c</run_address>
         <size>0xc</size>
         <input_file_ref idref="fl-cb"/>
      </object_component>
      <object_component id="oc-77">
         <name>.data</name>
         <load_address>0x2001f36c</load_address>
         <run_address>0x2001f36c</run_address>
         <size>0x4</size>
         <input_file_ref idref="fl-cf"/>
      </object_component>
      <object_component id="oc-b3">
         <name>.data:$O1$$</name>
         <load_address>0x2001f358</load_address>
         <run_address>0x2001f358</run_address>
         <size>0x8</size>
         <input_file_ref idref="fl-d2"/>
      </object_component>
      <object_component id="oc-417">
         <name>.data</name>
         <load_address>0x2001f368</load_address>
         <run_address>0x2001f368</run_address>
         <size>0x4</size>
         <input_file_ref idref="fl-e6"/>
      </object_component>
      <object_component id="oc-255">
         <name>.bss</name>
         <uninitialized>true</uninitialized>
         <run_address>0x2001eae0</run_address>
         <size>0x4</size>
         <input_file_ref idref="fl-9"/>
      </object_component>
      <object_component id="oc-ff">
         <name>.common:PIN8_intcount</name>
         <uninitialized>true</uninitialized>
         <run_address>0x2001eae4</run_address>
         <size>0x4</size>
      </object_component>
      <object_component id="oc-102">
         <name>.common:PIN8_intflag</name>
         <uninitialized>true</uninitialized>
         <run_address>0x2001eafc</run_address>
         <size>0x1</size>
      </object_component>
      <object_component id="oc-103">
         <name>.common:tmp</name>
         <uninitialized>true</uninitialized>
         <run_address>0x2001eaf8</run_address>
         <size>0x4</size>
      </object_component>
      <object_component id="oc-105">
         <name>.common:currentPress</name>
         <uninitialized>true</uninitialized>
         <run_address>0x2001eaec</run_address>
         <size>0x4</size>
      </object_component>
      <object_component id="oc-1c2">
         <name>.common:previousPress</name>
         <uninitialized>true</uninitialized>
         <run_address>0x2001eaf4</run_address>
         <size>0x4</size>
      </object_component>
      <object_component id="oc-190">
         <name>.common:currentButton</name>
         <uninitialized>true</uninitialized>
         <run_address>0x2001eae8</run_address>
         <size>0x4</size>
      </object_component>
      <object_component id="oc-191">
         <name>.common:previousButton</name>
         <uninitialized>true</uninitialized>
         <run_address>0x2001eaf0</run_address>
         <size>0x4</size>
      </object_component>
      <object_component id="oc-104">
         <name>.common:buffer</name>
         <uninitialized>true</uninitialized>
         <run_address>0x2001d000</run_address>
         <size>0xfa0</size>
      </object_component>
      <object_component id="oc-175">
         <name>.common:ComposingLetter</name>
         <uninitialized>true</uninitialized>
         <run_address>0x2001dfa0</run_address>
         <size>0x3c0</size>
      </object_component>
      <object_component id="oc-177">
         <name>.common:ReceivedLetter</name>
         <uninitialized>true</uninitialized>
         <run_address>0x2001e720</run_address>
         <size>0x3c0</size>
      </object_component>
      <object_component id="oc-176">
         <name>.common:PreviousLetter</name>
         <uninitialized>true</uninitialized>
         <run_address>0x2001e360</run_address>
         <size>0x3c0</size>
      </object_component>
      <object_component id="oc-2a">
         <name>.sysmem</name>
         <uninitialized>true</uninitialized>
         <run_address>0x2001eb00</run_address>
         <size>0x8</size>
         <input_file_ref idref="fl-cb"/>
      </object_component>
      <object_component id="oc-466">
         <name>.sysmem</name>
         <uninitialized>true</uninitialized>
         <run_address>0x2001eb00</run_address>
         <size>0x0</size>
      </object_component>
      <object_component id="oc-29">
         <name>.stack</name>
         <uninitialized>true</uninitialized>
         <run_address>0x2003f800</run_address>
         <size>0x0</size>
         <input_file_ref idref="fl-c4"/>
      </object_component>
      <object_component id="oc-465">
         <name>.stack</name>
         <uninitialized>true</uninitialized>
         <run_address>0x2003f800</run_address>
         <size>0x0</size>
      </object_component>
      <object_component id="oc-2b4">
         <name>.debug_info</name>
         <load_address>0x0</load_address>
         <run_address>0x0</run_address>
         <size>0x36a</size>
         <input_file_ref idref="fl-2"/>
      </object_component>
      <object_component id="oc-2ae">
         <name>.debug_info</name>
         <load_address>0x36a</load_address>
         <run_address>0x36a</run_address>
         <size>0xd5</size>
         <input_file_ref idref="fl-2"/>
      </object_component>
      <object_component id="oc-2b1">
         <name>.debug_info</name>
         <load_address>0x43f</load_address>
         <run_address>0x43f</run_address>
         <size>0x183</size>
         <input_file_ref idref="fl-2"/>
      </object_component>
      <object_component id="oc-152">
         <name>.debug_info</name>
         <load_address>0x5c2</load_address>
         <run_address>0x5c2</run_address>
         <size>0x14df</size>
         <input_file_ref idref="fl-2"/>
      </object_component>
      <object_component id="oc-3c">
         <name>.debug_info</name>
         <load_address>0x1aa1</load_address>
         <run_address>0x1aa1</run_address>
         <size>0x84</size>
         <input_file_ref idref="fl-2"/>
      </object_component>
      <object_component id="oc-28d">
         <name>.debug_info</name>
         <load_address>0x1b25</load_address>
         <run_address>0x1b25</run_address>
         <size>0x358</size>
         <input_file_ref idref="fl-3"/>
      </object_component>
      <object_component id="oc-123">
         <name>.debug_info</name>
         <load_address>0x1e7d</load_address>
         <run_address>0x1e7d</run_address>
         <size>0xe64</size>
         <input_file_ref idref="fl-3"/>
      </object_component>
      <object_component id="oc-374">
         <name>.debug_info</name>
         <load_address>0x2ce1</load_address>
         <run_address>0x2ce1</run_address>
         <size>0x62</size>
         <input_file_ref idref="fl-3"/>
      </object_component>
      <object_component id="oc-1eb">
         <name>.debug_info</name>
         <load_address>0x2d43</load_address>
         <run_address>0x2d43</run_address>
         <size>0x2c</size>
         <input_file_ref idref="fl-3"/>
      </object_component>
      <object_component id="oc-91">
         <name>.debug_info</name>
         <load_address>0x2d6f</load_address>
         <run_address>0x2d6f</run_address>
         <size>0x2c</size>
         <input_file_ref idref="fl-3"/>
      </object_component>
      <object_component id="oc-25a">
         <name>.debug_info</name>
         <load_address>0x2d9b</load_address>
         <run_address>0x2d9b</run_address>
         <size>0x4e</size>
         <input_file_ref idref="fl-3"/>
      </object_component>
      <object_component id="oc-100">
         <name>.debug_info</name>
         <load_address>0x2de9</load_address>
         <run_address>0x2de9</run_address>
         <size>0xcbd</size>
         <input_file_ref idref="fl-4"/>
      </object_component>
      <object_component id="oc-107">
         <name>.debug_info</name>
         <load_address>0x3aa6</load_address>
         <run_address>0x3aa6</run_address>
         <size>0x231</size>
         <input_file_ref idref="fl-4"/>
      </object_component>
      <object_component id="oc-fd">
         <name>.debug_info</name>
         <load_address>0x3cd7</load_address>
         <run_address>0x3cd7</run_address>
         <size>0xcd</size>
         <input_file_ref idref="fl-4"/>
      </object_component>
      <object_component id="oc-a9">
         <name>.debug_info</name>
         <load_address>0x3da4</load_address>
         <run_address>0x3da4</run_address>
         <size>0xef6</size>
         <input_file_ref idref="fl-4"/>
      </object_component>
      <object_component id="oc-1c4">
         <name>.debug_info</name>
         <load_address>0x4c9a</load_address>
         <run_address>0x4c9a</run_address>
         <size>0xb9</size>
         <input_file_ref idref="fl-4"/>
      </object_component>
      <object_component id="oc-193">
         <name>.debug_info</name>
         <load_address>0x4d53</load_address>
         <run_address>0x4d53</run_address>
         <size>0x3ae</size>
         <input_file_ref idref="fl-5"/>
      </object_component>
      <object_component id="oc-35">
         <name>.debug_info</name>
         <load_address>0x5101</load_address>
         <run_address>0x5101</run_address>
         <size>0x2c1</size>
         <input_file_ref idref="fl-6"/>
      </object_component>
      <object_component id="oc-10">
         <name>.debug_info</name>
         <load_address>0x53c2</load_address>
         <run_address>0x53c2</run_address>
         <size>0x112</size>
         <input_file_ref idref="fl-6"/>
      </object_component>
      <object_component id="oc-2f">
         <name>.debug_info</name>
         <load_address>0x54d4</load_address>
         <run_address>0x54d4</run_address>
         <size>0x433</size>
         <input_file_ref idref="fl-6"/>
      </object_component>
      <object_component id="oc-357">
         <name>.debug_info</name>
         <load_address>0x5907</load_address>
         <run_address>0x5907</run_address>
         <size>0x556</size>
         <input_file_ref idref="fl-7"/>
      </object_component>
      <object_component id="oc-28f">
         <name>.debug_info</name>
         <load_address>0x5e5d</load_address>
         <run_address>0x5e5d</run_address>
         <size>0xcd</size>
         <input_file_ref idref="fl-7"/>
      </object_component>
      <object_component id="oc-128">
         <name>.debug_info</name>
         <load_address>0x5f2a</load_address>
         <run_address>0x5f2a</run_address>
         <size>0x10b3</size>
         <input_file_ref idref="fl-7"/>
      </object_component>
      <object_component id="oc-234">
         <name>.debug_info</name>
         <load_address>0x6fdd</load_address>
         <run_address>0x6fdd</run_address>
         <size>0x586</size>
         <input_file_ref idref="fl-8"/>
      </object_component>
      <object_component id="oc-e5">
         <name>.debug_info</name>
         <load_address>0x7563</load_address>
         <run_address>0x7563</run_address>
         <size>0xa08</size>
         <input_file_ref idref="fl-8"/>
      </object_component>
      <object_component id="oc-259">
         <name>.debug_info</name>
         <load_address>0x7f6b</load_address>
         <run_address>0x7f6b</run_address>
         <size>0x4f6</size>
         <input_file_ref idref="fl-9"/>
      </object_component>
      <object_component id="oc-256">
         <name>.debug_info</name>
         <load_address>0x8461</load_address>
         <run_address>0x8461</run_address>
         <size>0xdc</size>
         <input_file_ref idref="fl-9"/>
      </object_component>
      <object_component id="oc-f7">
         <name>.debug_info</name>
         <load_address>0x853d</load_address>
         <run_address>0x853d</run_address>
         <size>0x642</size>
         <input_file_ref idref="fl-9"/>
      </object_component>
      <object_component id="oc-25f">
         <name>.debug_info</name>
         <load_address>0x8b7f</load_address>
         <run_address>0x8b7f</run_address>
         <size>0x110</size>
         <input_file_ref idref="fl-9"/>
      </object_component>
      <object_component id="oc-26">
         <name>.debug_info</name>
         <load_address>0x8c8f</load_address>
         <run_address>0x8c8f</run_address>
         <size>0x16c</size>
         <input_file_ref idref="fl-c4"/>
      </object_component>
      <object_component id="oc-87">
         <name>.debug_info</name>
         <load_address>0x8dfb</load_address>
         <run_address>0x8dfb</run_address>
         <size>0x29f</size>
         <input_file_ref idref="fl-c5"/>
      </object_component>
      <object_component id="oc-15">
         <name>.debug_info</name>
         <load_address>0x909a</load_address>
         <run_address>0x909a</run_address>
         <size>0x251</size>
         <input_file_ref idref="fl-c5"/>
      </object_component>
      <object_component id="oc-37">
         <name>.debug_info</name>
         <load_address>0x92eb</load_address>
         <run_address>0x92eb</run_address>
         <size>0x60</size>
         <input_file_ref idref="fl-c5"/>
      </object_component>
      <object_component id="oc-82">
         <name>.debug_info</name>
         <load_address>0x934b</load_address>
         <run_address>0x934b</run_address>
         <size>0x46</size>
         <input_file_ref idref="fl-c5"/>
      </object_component>
      <object_component id="oc-4c">
         <name>.debug_info</name>
         <load_address>0x9391</load_address>
         <run_address>0x9391</run_address>
         <size>0x2e6</size>
         <input_file_ref idref="fl-c6"/>
      </object_component>
      <object_component id="oc-1b">
         <name>.debug_info</name>
         <load_address>0x9677</load_address>
         <run_address>0x9677</run_address>
         <size>0x1eb</size>
         <input_file_ref idref="fl-c6"/>
      </object_component>
      <object_component id="oc-47">
         <name>.debug_info</name>
         <load_address>0x9862</load_address>
         <run_address>0x9862</run_address>
         <size>0x46</size>
         <input_file_ref idref="fl-c6"/>
      </object_component>
      <object_component id="oc-89">
         <name>.debug_info</name>
         <load_address>0x98a8</load_address>
         <run_address>0x98a8</run_address>
         <size>0x2c</size>
         <input_file_ref idref="fl-c6"/>
      </object_component>
      <object_component id="oc-58">
         <name>.debug_info</name>
         <load_address>0x98d4</load_address>
         <run_address>0x98d4</run_address>
         <size>0x2d5</size>
         <input_file_ref idref="fl-c7"/>
      </object_component>
      <object_component id="oc-22">
         <name>.debug_info</name>
         <load_address>0x9ba9</load_address>
         <run_address>0x9ba9</run_address>
         <size>0x1b6</size>
         <input_file_ref idref="fl-c7"/>
      </object_component>
      <object_component id="oc-53">
         <name>.debug_info</name>
         <load_address>0x9d5f</load_address>
         <run_address>0x9d5f</run_address>
         <size>0x46</size>
         <input_file_ref idref="fl-c7"/>
      </object_component>
      <object_component id="oc-b7">
         <name>.debug_info</name>
         <load_address>0x9da5</load_address>
         <run_address>0x9da5</run_address>
         <size>0x3da</size>
         <input_file_ref idref="fl-c8"/>
      </object_component>
      <object_component id="oc-b1">
         <name>.debug_info</name>
         <load_address>0xa17f</load_address>
         <run_address>0xa17f</run_address>
         <size>0x191</size>
         <input_file_ref idref="fl-c8"/>
      </object_component>
      <object_component id="oc-73">
         <name>.debug_info</name>
         <load_address>0xa310</load_address>
         <run_address>0xa310</run_address>
         <size>0x220</size>
         <input_file_ref idref="fl-c8"/>
      </object_component>
      <object_component id="oc-42">
         <name>.debug_info</name>
         <load_address>0xa530</load_address>
         <run_address>0xa530</run_address>
         <size>0x11d</size>
         <input_file_ref idref="fl-c9"/>
      </object_component>
      <object_component id="oc-344">
         <name>.debug_info</name>
         <load_address>0xa64d</load_address>
         <run_address>0xa64d</run_address>
         <size>0x2d2</size>
         <input_file_ref idref="fl-ca"/>
      </object_component>
      <object_component id="oc-24a">
         <name>.debug_info</name>
         <load_address>0xa91f</load_address>
         <run_address>0xa91f</run_address>
         <size>0x1b7</size>
         <input_file_ref idref="fl-ca"/>
      </object_component>
      <object_component id="oc-7d">
         <name>.debug_info</name>
         <load_address>0xaad6</load_address>
         <run_address>0xaad6</run_address>
         <size>0x3c8</size>
         <input_file_ref idref="fl-cb"/>
      </object_component>
      <object_component id="oc-2b">
         <name>.debug_info</name>
         <load_address>0xae9e</load_address>
         <run_address>0xae9e</run_address>
         <size>0x10d</size>
         <input_file_ref idref="fl-cb"/>
      </object_component>
      <object_component id="oc-346">
         <name>.debug_info</name>
         <load_address>0xafab</load_address>
         <run_address>0xafab</run_address>
         <size>0x158</size>
         <input_file_ref idref="fl-cb"/>
      </object_component>
      <object_component id="oc-250">
         <name>.debug_info</name>
         <load_address>0xb103</load_address>
         <run_address>0xb103</run_address>
         <size>0x891</size>
         <input_file_ref idref="fl-cb"/>
      </object_component>
      <object_component id="oc-bd">
         <name>.debug_info</name>
         <load_address>0xb994</load_address>
         <run_address>0xb994</run_address>
         <size>0x2c</size>
         <input_file_ref idref="fl-cb"/>
      </object_component>
      <object_component id="oc-c2">
         <name>.debug_info</name>
         <load_address>0xb9c0</load_address>
         <run_address>0xb9c0</run_address>
         <size>0x62</size>
         <input_file_ref idref="fl-cb"/>
      </object_component>
      <object_component id="oc-4e">
         <name>.debug_info</name>
         <load_address>0xba22</load_address>
         <run_address>0xba22</run_address>
         <size>0x14b</size>
         <input_file_ref idref="fl-cc"/>
      </object_component>
      <object_component id="oc-5d">
         <name>.debug_info</name>
         <load_address>0xbb6d</load_address>
         <run_address>0xbb6d</run_address>
         <size>0x144</size>
         <input_file_ref idref="fl-cd"/>
      </object_component>
      <object_component id="oc-60">
         <name>.debug_info</name>
         <load_address>0xbcb1</load_address>
         <run_address>0xbcb1</run_address>
         <size>0x154</size>
         <input_file_ref idref="fl-ce"/>
      </object_component>
      <object_component id="oc-78">
         <name>.debug_info</name>
         <load_address>0xbe05</load_address>
         <run_address>0xbe05</run_address>
         <size>0x115</size>
         <input_file_ref idref="fl-cf"/>
      </object_component>
      <object_component id="oc-342">
         <name>.debug_info</name>
         <load_address>0xbf1a</load_address>
         <run_address>0xbf1a</run_address>
         <size>0x290</size>
         <input_file_ref idref="fl-d0"/>
      </object_component>
      <object_component id="oc-246">
         <name>.debug_info</name>
         <load_address>0xc1aa</load_address>
         <run_address>0xc1aa</run_address>
         <size>0x24c</size>
         <input_file_ref idref="fl-d0"/>
      </object_component>
      <object_component id="oc-335">
         <name>.debug_info</name>
         <load_address>0xc3f6</load_address>
         <run_address>0xc3f6</run_address>
         <size>0x36e</size>
         <input_file_ref idref="fl-d1"/>
      </object_component>
      <object_component id="oc-239">
         <name>.debug_info</name>
         <load_address>0xc764</load_address>
         <run_address>0xc764</run_address>
         <size>0x368</size>
         <input_file_ref idref="fl-d1"/>
      </object_component>
      <object_component id="oc-336">
         <name>.debug_info</name>
         <load_address>0xcacc</load_address>
         <run_address>0xcacc</run_address>
         <size>0x2c</size>
         <input_file_ref idref="fl-d1"/>
      </object_component>
      <object_component id="oc-33b">
         <name>.debug_info</name>
         <load_address>0xcaf8</load_address>
         <run_address>0xcaf8</run_address>
         <size>0x69</size>
         <input_file_ref idref="fl-d1"/>
      </object_component>
      <object_component id="oc-1da">
         <name>.debug_info</name>
         <load_address>0xcb61</load_address>
         <run_address>0xcb61</run_address>
         <size>0x2ca</size>
         <input_file_ref idref="fl-d2"/>
      </object_component>
      <object_component id="oc-b4">
         <name>.debug_info</name>
         <load_address>0xce2b</load_address>
         <run_address>0xce2b</run_address>
         <size>0x11f</size>
         <input_file_ref idref="fl-d2"/>
      </object_component>
      <object_component id="oc-1d3">
         <name>.debug_info</name>
         <load_address>0xcf4a</load_address>
         <run_address>0xcf4a</run_address>
         <size>0x22b</size>
         <input_file_ref idref="fl-d2"/>
      </object_component>
      <object_component id="oc-3df">
         <name>.debug_info</name>
         <load_address>0xd175</load_address>
         <run_address>0xd175</run_address>
         <size>0x530</size>
         <input_file_ref idref="fl-d3"/>
      </object_component>
      <object_component id="oc-32f">
         <name>.debug_info</name>
         <load_address>0xd6a5</load_address>
         <run_address>0xd6a5</run_address>
         <size>0x154f</size>
         <input_file_ref idref="fl-d3"/>
      </object_component>
      <object_component id="oc-3e0">
         <name>.debug_info</name>
         <load_address>0xebf4</load_address>
         <run_address>0xebf4</run_address>
         <size>0x86</size>
         <input_file_ref idref="fl-d3"/>
      </object_component>
      <object_component id="oc-427">
         <name>.debug_info</name>
         <load_address>0xec7a</load_address>
         <run_address>0xec7a</run_address>
         <size>0x46</size>
         <input_file_ref idref="fl-d3"/>
      </object_component>
      <object_component id="oc-3e5">
         <name>.debug_info</name>
         <load_address>0xecc0</load_address>
         <run_address>0xecc0</run_address>
         <size>0x39</size>
         <input_file_ref idref="fl-d3"/>
      </object_component>
      <object_component id="oc-af">
         <name>.debug_info</name>
         <load_address>0xecf9</load_address>
         <run_address>0xecf9</run_address>
         <size>0x30c</size>
         <input_file_ref idref="fl-d4"/>
      </object_component>
      <object_component id="oc-6e">
         <name>.debug_info</name>
         <load_address>0xf005</load_address>
         <run_address>0xf005</run_address>
         <size>0x173</size>
         <input_file_ref idref="fl-d4"/>
      </object_component>
      <object_component id="oc-1cb">
         <name>.debug_info</name>
         <load_address>0xf178</load_address>
         <run_address>0xf178</run_address>
         <size>0x5e</size>
         <input_file_ref idref="fl-d4"/>
      </object_component>
      <object_component id="oc-422">
         <name>.debug_info</name>
         <load_address>0xf1d6</load_address>
         <run_address>0xf1d6</run_address>
         <size>0x2ba</size>
         <input_file_ref idref="fl-d5"/>
      </object_component>
      <object_component id="oc-3d4">
         <name>.debug_info</name>
         <load_address>0xf490</load_address>
         <run_address>0xf490</run_address>
         <size>0x17d</size>
         <input_file_ref idref="fl-d5"/>
      </object_component>
      <object_component id="oc-a7">
         <name>.debug_info</name>
         <load_address>0xf60d</load_address>
         <run_address>0xf60d</run_address>
         <size>0x48f</size>
         <input_file_ref idref="fl-d6"/>
      </object_component>
      <object_component id="oc-67">
         <name>.debug_info</name>
         <load_address>0xfa9c</load_address>
         <run_address>0xfa9c</run_address>
         <size>0x19c</size>
         <input_file_ref idref="fl-d6"/>
      </object_component>
      <object_component id="oc-ce">
         <name>.debug_info</name>
         <load_address>0xfc38</load_address>
         <run_address>0xfc38</run_address>
         <size>0x39</size>
         <input_file_ref idref="fl-d6"/>
      </object_component>
      <object_component id="oc-1e5">
         <name>.debug_info</name>
         <load_address>0xfc71</load_address>
         <run_address>0xfc71</run_address>
         <size>0x39</size>
         <input_file_ref idref="fl-d6"/>
      </object_component>
      <object_component id="oc-d3">
         <name>.debug_info</name>
         <load_address>0xfcaa</load_address>
         <run_address>0xfcaa</run_address>
         <size>0xcd</size>
         <input_file_ref idref="fl-d6"/>
      </object_component>
      <object_component id="oc-ca">
         <name>.debug_info</name>
         <load_address>0xfd77</load_address>
         <run_address>0xfd77</run_address>
         <size>0x386</size>
         <input_file_ref idref="fl-d7"/>
      </object_component>
      <object_component id="oc-9b">
         <name>.debug_info</name>
         <load_address>0x100fd</load_address>
         <run_address>0x100fd</run_address>
         <size>0x18f</size>
         <input_file_ref idref="fl-d7"/>
      </object_component>
      <object_component id="oc-1e0">
         <name>.debug_info</name>
         <load_address>0x1028c</load_address>
         <run_address>0x1028c</run_address>
         <size>0x2c</size>
         <input_file_ref idref="fl-d7"/>
      </object_component>
      <object_component id="oc-43b">
         <name>.debug_info</name>
         <load_address>0x102b8</load_address>
         <run_address>0x102b8</run_address>
         <size>0xfa</size>
         <input_file_ref idref="fl-d8"/>
      </object_component>
      <object_component id="oc-41f">
         <name>.debug_info</name>
         <load_address>0x103b2</load_address>
         <run_address>0x103b2</run_address>
         <size>0x106</size>
         <input_file_ref idref="fl-d8"/>
      </object_component>
      <object_component id="oc-3bc">
         <name>.debug_info</name>
         <load_address>0x104b8</load_address>
         <run_address>0x104b8</run_address>
         <size>0x150</size>
         <input_file_ref idref="fl-d9"/>
      </object_component>
      <object_component id="oc-398">
         <name>.debug_info</name>
         <load_address>0x10608</load_address>
         <run_address>0x10608</run_address>
         <size>0x12c</size>
         <input_file_ref idref="fl-da"/>
      </object_component>
      <object_component id="oc-3a8">
         <name>.debug_info</name>
         <load_address>0x10734</load_address>
         <run_address>0x10734</run_address>
         <size>0x12e</size>
         <input_file_ref idref="fl-da"/>
      </object_component>
      <object_component id="oc-3a4">
         <name>.debug_info</name>
         <load_address>0x10862</load_address>
         <run_address>0x10862</run_address>
         <size>0x13e</size>
         <input_file_ref idref="fl-db"/>
      </object_component>
      <object_component id="oc-39e">
         <name>.debug_info</name>
         <load_address>0x109a0</load_address>
         <run_address>0x109a0</run_address>
         <size>0x13e</size>
         <input_file_ref idref="fl-dc"/>
      </object_component>
      <object_component id="oc-3ad">
         <name>.debug_info</name>
         <load_address>0x10ade</load_address>
         <run_address>0x10ade</run_address>
         <size>0x132</size>
         <input_file_ref idref="fl-dd"/>
      </object_component>
      <object_component id="oc-3b8">
         <name>.debug_info</name>
         <load_address>0x10c10</load_address>
         <run_address>0x10c10</run_address>
         <size>0x130</size>
         <input_file_ref idref="fl-de"/>
      </object_component>
      <object_component id="oc-407">
         <name>.debug_info</name>
         <load_address>0x10d40</load_address>
         <run_address>0x10d40</run_address>
         <size>0x2f2</size>
         <input_file_ref idref="fl-df"/>
      </object_component>
      <object_component id="oc-3b4">
         <name>.debug_info</name>
         <load_address>0x11032</load_address>
         <run_address>0x11032</run_address>
         <size>0x1ce</size>
         <input_file_ref idref="fl-df"/>
      </object_component>
      <object_component id="oc-424">
         <name>.debug_info</name>
         <load_address>0x11200</load_address>
         <run_address>0x11200</run_address>
         <size>0x297</size>
         <input_file_ref idref="fl-e0"/>
      </object_component>
      <object_component id="oc-3d9">
         <name>.debug_info</name>
         <load_address>0x11497</load_address>
         <run_address>0x11497</run_address>
         <size>0x1b7</size>
         <input_file_ref idref="fl-e0"/>
      </object_component>
      <object_component id="oc-40b">
         <name>.debug_info</name>
         <load_address>0x1164e</load_address>
         <run_address>0x1164e</run_address>
         <size>0x2e5</size>
         <input_file_ref idref="fl-e1"/>
      </object_component>
      <object_component id="oc-3c2">
         <name>.debug_info</name>
         <load_address>0x11933</load_address>
         <run_address>0x11933</run_address>
         <size>0x196</size>
         <input_file_ref idref="fl-e1"/>
      </object_component>
      <object_component id="oc-40c">
         <name>.debug_info</name>
         <load_address>0x11ac9</load_address>
         <run_address>0x11ac9</run_address>
         <size>0x2c</size>
         <input_file_ref idref="fl-e1"/>
      </object_component>
      <object_component id="oc-41b">
         <name>.debug_info</name>
         <load_address>0x11af5</load_address>
         <run_address>0x11af5</run_address>
         <size>0x322</size>
         <input_file_ref idref="fl-e2"/>
      </object_component>
      <object_component id="oc-3c9">
         <name>.debug_info</name>
         <load_address>0x11e17</load_address>
         <run_address>0x11e17</run_address>
         <size>0x1e1</size>
         <input_file_ref idref="fl-e2"/>
      </object_component>
      <object_component id="oc-a1">
         <name>.debug_info</name>
         <load_address>0x11ff8</load_address>
         <run_address>0x11ff8</run_address>
         <size>0x151</size>
         <input_file_ref idref="fl-e3"/>
      </object_component>
      <object_component id="oc-41d">
         <name>.debug_info</name>
         <load_address>0x12149</load_address>
         <run_address>0x12149</run_address>
         <size>0x29b</size>
         <input_file_ref idref="fl-e4"/>
      </object_component>
      <object_component id="oc-3cd">
         <name>.debug_info</name>
         <load_address>0x123e4</load_address>
         <run_address>0x123e4</run_address>
         <size>0x266</size>
         <input_file_ref idref="fl-e4"/>
      </object_component>
      <object_component id="oc-393">
         <name>.debug_info</name>
         <load_address>0x1264a</load_address>
         <run_address>0x1264a</run_address>
         <size>0x189</size>
         <input_file_ref idref="fl-e5"/>
      </object_component>
      <object_component id="oc-418">
         <name>.debug_info</name>
         <load_address>0x127d3</load_address>
         <run_address>0x127d3</run_address>
         <size>0xff</size>
[...]
      </symbol>
      <symbol id="sm-3cc">
         <name>__aeabi_memcpy8</name>
         <value>0x20008f19</value>
         <object_component_ref idref="oc-41"/>
      </symbol>
      <symbol id="sm-3cd">
         <name>__aeabi_memcpy4</name>
         <value>0x20008f19</value>
         <object_component_ref idref="oc-41"/>
      </symbol>
      <symbol id="sm-3dd">
         <name>memmove</name>
         <value>0x20009b79</value>
         <object_component_ref idref="oc-249"/>
      </symbol>
      <symbol id="sm-454">
         <name>_sys_memory</name>
         <value>0x2001eb00</value>
         <object_component_ref idref="oc-2a"/>
      </symbol>
      <symbol id="sm-455">
         <name>free</name>
         <value>0x20007caf</value>
         <object_component_ref idref="oc-24f"/>
      </symbol>
      <symbol id="sm-456">
         <name>realloc</name>
         <value>0x20007d6f</value>
         <object_component_ref idref="oc-24f"/>
      </symbol>
      <symbol id="sm-457">
         <name>memalign</name>
         <value>0x20007e79</value>
         <object_component_ref idref="oc-24f"/>
      </symbol>
      <symbol id="sm-458">
         <name>calloc</name>
         <value>0x20007f65</value>
         <object_component_ref idref="oc-24f"/>
      </symbol>
      <symbol id="sm-459">
         <name>malloc</name>
         <value>0x20007c45</value>
         <object_component_ref idref="oc-24f"/>
      </symbol>
      <symbol id="sm-45a">
         <name>minit</name>
         <value>0x20007bc5</value>
         <object_component_ref idref="oc-24f"/>
      </symbol>
      <symbol id="sm-469">
         <name>__aeabi_memset</name>
         <value>0x200092e9</value>
         <object_component_ref idref="oc-4d"/>
      </symbol>
      <symbol id="sm-46a">
         <name>memset</name>
         <value>0x200092ef</value>
         <object_component_ref idref="oc-4d"/>
      </symbol>
      <symbol id="sm-46b">
         <name>__aeabi_memset8</name>
         <value>0x200092e9</value>
         <object_component_ref idref="oc-4d"/>
      </symbol>
      <symbol id="sm-46c">
         <name>__aeabi_memset4</name>
         <value>0x200092e9</value>
         <object_component_ref idref="oc-4d"/>
      </symbol>
      <symbol id="sm-46d">
         <name>__aeabi_memclr8</name>
         <value>0x200092e7</value>
         <object_component_ref idref="oc-4d"/>
      </symbol>
      <symbol id="sm-46e">
         <name>__aeabi_memclr4</name>
         <value>0x200092e7</value>
         <object_component_ref idref="oc-4d"/>
      </symbol>
      <symbol id="sm-46f">
         <name>__aeabi_memclr</name>
         <value>0x200092e7</value>
         <object_component_ref idref="oc-4d"/>
      </symbol>
      <symbol id="sm-479">
         <name>__mpu_init</name>
         <value>0x20007717</value>
         <object_component_ref idref="oc-59"/>
      </symbol>
      <symbol id="sm-483">
         <name>_system_pre_init</name>
         <value>0x2000a00d</value>
         <object_component_ref idref="oc-5f"/>
      </symbol>
      <symbol id="sm-48b">
         <name>main_func_sp</name>
         <value>0x2001f36c</value>
         <object_component_ref idref="oc-77"/>
      </symbol>
      <symbol id="sm-499">
         <name>strlen</name>
         <value>0x20009f9d</value>
         <object_component_ref idref="oc-243"/>
      </symbol>
      <symbol id="sm-4ba">
         <name>vsnprintf</name>
         <value>0x200090d1</value>
         <object_component_ref idref="oc-237"/>
      </symbol>
      <symbol id="sm-4d3">
         <name>_nop</name>
         <value>0x20009f83</value>
         <object_component_ref idref="oc-1d2"/>
      </symbol>
      <symbol id="sm-4d4">
         <name>_lock</name>
         <value>0x2001f358</value>
         <object_component_ref idref="oc-b3"/>
      </symbol>
      <symbol id="sm-4d5">
         <name>_unlock</name>
         <value>0x2001f35c</value>
         <object_component_ref idref="oc-b3"/>
      </symbol>
      <symbol id="sm-4d6">
         <name>_register_lock</name>
         <value>0x20009f7b</value>
         <object_component_ref idref="oc-1d2"/>
      </symbol>
      <symbol id="sm-4d7">
         <name>_register_unlock</name>
         <value>0x20009f75</value>
         <object_component_ref idref="oc-1d2"/>
      </symbol>
      <symbol id="sm-5d8">
         <name>__TI_printfi</name>
         <value>0x20004c45</value>
         <object_component_ref idref="oc-32e"/>
      </symbol>
      <symbol id="sm-5ec">
         <name>_args_main</name>
         <value>0x20009eb1</value>
         <object_component_ref idref="oc-6b"/>
      </symbol>
      <symbol id="sm-602">
         <name>atoi</name>
         <value>0x20009795</value>
         <object_component_ref idref="oc-3d2"/>
      </symbol>
      <symbol id="sm-62c">
         <name>__TI_auto_init</name>
         <value>0x20009449</value>
         <object_component_ref idref="oc-65"/>
      </symbol>
      <symbol id="sm-646">
         <name>copy_in</name>
         <value>0x200097e1</value>
         <object_component_ref idref="oc-9a"/>
      </symbol>
      <symbol id="sm-651">
         <name>_ctypes_</name>
         <value>0x2000aa06</value>
         <object_component_ref idref="oc-41e"/>
      </symbol>
      <symbol id="sm-668">
         <name>__aeabi_dsub</name>
         <value>0x20008409</value>
         <object_component_ref idref="oc-3bb"/>
      </symbol>
      <symbol id="sm-669">
         <name>__aeabi_dadd</name>
         <value>0x20008413</value>
         <object_component_ref idref="oc-3bb"/>
      </symbol>
      <symbol id="sm-68b">
         <name>__aeabi_cdcmpeq</name>
         <value>0x20009159</value>
         <object_component_ref idref="oc-397"/>
      </symbol>
      <symbol id="sm-68c">
         <name>__aeabi_cdcmple</name>
         <value>0x20009159</value>
         <object_component_ref idref="oc-397"/>
      </symbol>
      <symbol id="sm-68d">
         <name>__aeabi_cdrcmple</name>
         <value>0x200091df</value>
         <object_component_ref idref="oc-3a6"/>
      </symbol>
      <symbol id="sm-6a1">
         <name>__aeabi_ddiv</name>
         <value>0x200088d1</value>
         <object_component_ref idref="oc-3a1"/>
      </symbol>
      <symbol id="sm-6ac">
         <name>__aeabi_dmul</name>
         <value>0x20008b31</value>
         <object_component_ref idref="oc-39c"/>
      </symbol>
      <symbol id="sm-6b6">
         <name>__aeabi_d2iz</name>
         <value>0x20009875</value>
         <object_component_ref idref="oc-3ab"/>
      </symbol>
      <symbol id="sm-6c0">
         <name>__aeabi_i2d</name>
         <value>0x20009a59</value>
         <object_component_ref idref="oc-3b6"/>
      </symbol>
      <symbol id="sm-6cf">
         <name>ltoa</name>
         <value>0x20009741</value>
         <object_component_ref idref="oc-3b0"/>
      </symbol>
      <symbol id="sm-6df">
         <name>memccpy</name>
         <value>0x20009d6f</value>
         <object_component_ref idref="oc-3d8"/>
      </symbol>
      <symbol id="sm-6fa">
         <name>frexpl</name>
         <value>0x20009589</value>
         <object_component_ref idref="oc-3c0"/>
      </symbol>
      <symbol id="sm-6fb">
         <name>frexp</name>
         <value>0x20009589</value>
         <object_component_ref idref="oc-3c0"/>
      </symbol>
      <symbol id="sm-718">
         <name>scalbn</name>
         <value>0x20008c2d</value>
         <object_component_ref idref="oc-3c6"/>
      </symbol>
      <symbol id="sm-719">
         <name>scalbnl</name>
         <value>0x20008c2d</value>
         <object_component_ref idref="oc-3c6"/>
      </symbol>
      <symbol id="sm-71a">
         <name>ldexpl</name>
         <value>0x20008c2d</value>
         <object_component_ref idref="oc-3c6"/>
      </symbol>
      <symbol id="sm-71b">
         <name>ldexp</name>
         <value>0x20008c2d</value>
         <object_component_ref idref="oc-3c6"/>
      </symbol>
      <symbol id="sm-725">
         <name>_system_post_cinit</name>
         <value>0x20007bc3</value>
         <object_component_ref idref="oc-a0"/>
      </symbol>
      <symbol id="sm-735">
         <name>strchr</name>
         <value>0x20009f21</value>
         <object_component_ref idref="oc-3cc"/>
      </symbol>
      <symbol id="sm-751">
         <name>__aeabi_uldivmod</name>
         <value>0x20008215</value>
         <object_component_ref idref="oc-392"/>
      </symbol>
      <symbol id="sm-759">
         <name>errno</name>
         <value>0x2001f368</value>
         <object_component_ref idref="oc-417"/>
      </symbol>
      <symbol id="sm-763">
         <name>copysign</name>
         <value>0x20009f89</value>
         <object_component_ref idref="oc-411"/>
      </symbol>
      <symbol id="sm-764">
         <name>copysignl</name>
         <value>0x20009f89</value>
         <object_component_ref idref="oc-411"/>
      </symbol>
      <symbol id="sm-7bc">
         <name>GPIOIntRegister</name>
         <value>0x20009c65</value>
         <object_component_ref idref="oc-1a4"/>
      </symbol>
      <symbol id="sm-7bd">
         <name>GPIOIntEnable</name>
         <value>0x20009d8b</value>
         <object_component_ref idref="oc-1b0"/>
      </symbol>
      <symbol id="sm-7be">
         <name>GPIOIntTypeSet</name>
         <value>0x20009265</value>
         <object_component_ref idref="oc-1aa"/>
      </symbol>
      <symbol id="sm-7bf">
         <name>GPIOIntClear</name>
         <value>0x20009f4b</value>
         <object_component_ref idref="oc-de"/>
      </symbol>
      <symbol id="sm-7c0">
         <name>GPIOIntStatus</name>
         <value>0x20009b9d</value>
         <object_component_ref idref="oc-d8"/>
      </symbol>
      <symbol id="sm-7c1">
         <name>GPIODirModeSet</name>
         <value>0x200099c1</value>
         <object_component_ref idref="oc-2e5"/>
      </symbol>
      <symbol id="sm-7c2">
         <name>GPIOPinWrite</name>
         <value>0x20009c03</value>
         <object_component_ref idref="oc-26e"/>
      </symbol>
      <symbol id="sm-839">
         <name>IntPrioritySet</name>
         <value>0x20009645</value>
         <object_component_ref idref="oc-1fd"/>
      </symbol>
      <symbol id="sm-83a">
         <name>IntVTableBaseSet</name>
         <value>0x20009f61</value>
         <object_component_ref idref="oc-178"/>
      </symbol>
      <symbol id="sm-83b">
         <name>IntEnable</name>
         <value>0x20008dd1</value>
         <object_component_ref idref="oc-184"/>
      </symbol>
      <symbol id="sm-83c">
         <name>IntDisable</name>
         <value>0x20008d29</value>
         <object_component_ref idref="oc-31f"/>
      </symbol>
      <symbol id="sm-83d">
         <name>IntRegister</name>
         <value>0x20009c25</value>
         <object_component_ref idref="oc-2fb"/>
      </symbol>
      <symbol id="sm-83e">
         <name>IntUnregister</name>
         <value>0x20009b31</value>
         <object_component_ref idref="oc-325"/>
      </symbol>
      <symbol id="sm-83f">
         <name>IntMasterEnable</name>
         <value>0x20009ffd</value>
         <object_component_ref idref="oc-17e"/>
      </symbol>
      <symbol id="sm-87e">
         <name>PinTypeUART</name>
         <value>0x20009dbf</value>
         <object_component_ref idref="oc-133"/>
      </symbol>
      <symbol id="sm-87f">
         <name>PinTypeGPIO</name>
         <value>0x200099f7</value>
         <object_component_ref idref="oc-2df"/>
      </symbol>
      <symbol id="sm-880">
         <name>PinConfigSet</name>
         <value>0x20009049</value>
         <object_component_ref idref="oc-29c"/>
      </symbol>
      <symbol id="sm-881">
         <name>PinTypeSPI</name>
         <value>0x20009da5</value>
         <object_component_ref idref="oc-2eb"/>
      </symbol>
      <symbol id="sm-882">
         <name>PinModeSet</name>
         <value>0x20009945</value>
         <object_component_ref idref="oc-296"/>
      </symbol>
      <symbol id="sm-908">
         <name>PRCMPeripheralReset</name>
         <value>0x200095ed</value>
         <object_component_ref idref="oc-198"/>
      </symbol>
      <symbol id="sm-909">
         <name>PRCMPeripheralClkEnable</name>
         <value>0x20009985</value>
         <object_component_ref idref="oc-12d"/>
      </symbol>
      <symbol id="sm-90a">
         <name>PRCMPeripheralClockGet</name>
         <value>0x20008fb5</value>
         <object_component_ref idref="oc-10f"/>
      </symbol>
      <symbol id="sm-90b">
         <name>PRCMCC3200MCUInit</name>
         <value>0x20008759</value>
         <object_component_ref idref="oc-18a"/>
      </symbol>
      <symbol id="sm-90c">
         <name>PRCMHIBRegWrite</name>
         <value>0x20009edf</value>
         <object_component_ref idref="oc-2d2"/>
      </symbol>
      <symbol id="sm-90d">
         <name>PRCMSysResetCauseGet</name>
         <value>0x20009a89</value>
         <object_component_ref idref="oc-2c6"/>
      </symbol>
      <symbol id="sm-90e">
         <name>PRCMPeripheralClkDisable</name>
         <value>0x20009b09</value>
         <object_component_ref idref="oc-2d8"/>
      </symbol>
      <symbol id="sm-90f">
         <name>PRCMHIBRegRead</name>
         <value>0x20009ec9</value>
         <object_component_ref idref="oc-2cc"/>
      </symbol>
      <symbol id="sm-954">
         <name>SPICSEnable</name>
         <value>0x20009df1</value>
         <object_component_ref idref="oc-274"/>
      </symbol>
      <symbol id="sm-955">
         <name>SPIDataPut</name>
         <value>0x20009c83</value>
         <object_component_ref idref="oc-27a"/>
      </symbol>
      <symbol id="sm-956">
         <name>SPIEnable</name>
         <value>0x20009e09</value>
         <object_component_ref idref="oc-11b"/>
      </symbol>
      <symbol id="sm-957">
         <name>SPIDataGet</name>
         <value>0x20009c45</value>
         <object_component_ref idref="oc-280"/>
      </symbol>
      <symbol id="sm-958">
         <name>SPIConfigSetExpClk</name>
         <value>0x20008e79</value>
         <object_component_ref idref="oc-115"/>
      </symbol>
      <symbol id="sm-959">
         <name>SPIReset</name>
         <value>0x20009bbf</value>
         <object_component_ref idref="oc-109"/>
      </symbol>
      <symbol id="sm-95a">
         <name>SPICSDisable</name>
         <value>0x20009dd9</value>
         <object_component_ref idref="oc-286"/>
      </symbol>
      <symbol id="sm-9e8">
         <name>TimerLoadSet</name>
         <value>0x20009ab5</value>
         <object_component_ref idref="oc-21b"/>
      </symbol>
      <symbol id="sm-9e9">
         <name>TimerDisable</name>
         <value>0x20009ca1</value>
         <object_component_ref idref="oc-221"/>
      </symbol>
      <symbol id="sm-9ea">
         <name>TimerValueSet</name>
         <value>0x20009be1</value>
         <object_component_ref idref="oc-f0"/>
      </symbol>
      <symbol id="sm-9eb">
         <name>TimerIntRegister</name>
         <value>0x200093d9</value>
         <object_component_ref idref="oc-203"/>
      </symbol>
      <symbol id="sm-9ec">
         <name>TimerEnable</name>
         <value>0x20009cbf</value>
         <object_component_ref idref="oc-19e"/>
      </symbol>
      <symbol id="sm-9ed">
         <name>TimerIntUnregister</name>
         <value>0x200094b9</value>
         <object_component_ref idref="oc-22d"/>
      </symbol>
      <symbol id="sm-9ee">
         <name>TimerIntStatus</name>
         <value>0x20009cdd</value>
         <object_component_ref idref="oc-20f"/>
      </symbol>
      <symbol id="sm-9ef">
         <name>TimerIntDisable</name>
         <value>0x20009e21</value>
         <object_component_ref idref="oc-227"/>
      </symbol>
      <symbol id="sm-9f0">
         <name>TimerValueGet</name>
         <value>0x20009d37</value>
         <object_component_ref idref="oc-ea"/>
      </symbol>
      <symbol id="sm-9f1">
         <name>TimerPrescaleSet</name>
         <value>0x20009adf</value>
         <object_component_ref idref="oc-1f7"/>
      </symbol>
      <symbol id="sm-9f2">
         <name>TimerIntEnable</name>
         <value>0x20009e39</value>
         <object_component_ref idref="oc-209"/>
      </symbol>
      <symbol id="sm-9f3">
         <name>TimerConfigure</name>
         <value>0x200098bd</value>
         <object_component_ref idref="oc-1f1"/>
      </symbol>
      <symbol id="sm-9f4">
         <name>TimerIntClear</name>
         <value>0x20009fb1</value>
         <object_component_ref idref="oc-215"/>
      </symbol>
      <symbol id="sm-a85">
         <name>UARTFIFODisable</name>
         <value>0x20009f0b</value>
         <object_component_ref idref="oc-14b"/>
      </symbol>
      <symbol id="sm-a86">
         <name>UARTConfigSetExpClk</name>
         <value>0x20009361</value>
         <object_component_ref idref="oc-139"/>
      </symbol>
      <symbol id="sm-a87">
         <name>UARTDisable</name>
         <value>0x20009a29</value>
         <object_component_ref idref="oc-2a3"/>
      </symbol>
      <symbol id="sm-a88">
         <name>UARTBusy</name>
         <value>0x20009e51</value>
         <object_component_ref idref="oc-157"/>
      </symbol>
      <symbol id="sm-a89">
         <name>UARTIntEnable</name>
         <value>0x20009e99</value>
         <object_component_ref idref="oc-1b6"/>
      </symbol>
      <symbol id="sm-a8a">
         <name>UARTCharsAvail</name>
         <value>0x20009e69</value>
         <object_component_ref idref="oc-16f"/>
      </symbol>
      <symbol id="sm-a8b">
         <name>UARTCharGetNonBlocking</name>
         <value>0x20009d53</value>
         <object_component_ref idref="oc-23d"/>
      </symbol>
      <symbol id="sm-a8c">
         <name>UARTCharPut</name>
         <value>0x20009cfb</value>
         <object_component_ref idref="oc-15d"/>
      </symbol>
      <symbol id="sm-a8d">
         <name>UARTEnable</name>
         <value>0x20009b55</value>
         <object_component_ref idref="oc-13f"/>
      </symbol>
      <symbol id="sm-a8e">
         <name>UARTIntClear</name>
         <value>0x20009fc3</value>
         <object_component_ref idref="oc-163"/>
      </symbol>
      <symbol id="sm-a8f">
         <name>UARTDMADisable</name>
         <value>0x20009e81</value>
         <object_component_ref idref="oc-145"/>
      </symbol>
      <symbol id="sm-a90">
         <name>UARTCharGet</name>
         <value>0x20009ef5</value>
         <object_component_ref idref="oc-169"/>
      </symbol>
      <symbol id="sm-a91">
         <name>UARTIntRegister</name>
         <value>0x20009d19</value>
         <object_component_ref idref="oc-1bc"/>
      </symbol>
      <symbol id="sm-a95">
         <name>UtilsDelay</name>
         <value>0x2000a007</value>
         <object_component_ref idref="oc-36b"/>
      </symbol>
      <symbol id="sm-a9f">
         <name>CPUcpsie</name>
         <value>0x20009f37</value>
         <object_component_ref idref="oc-2bb"/>
      </symbol>
      <symbol id="sm-aa1">
         <name>__TI_static_base__</name>
         <value>0x2000adc8</value>
      </symbol>
      <symbol id="sm-aa4">
         <name>SHT$$INIT_ARRAY$$Limit</name>
         <value>0x0</value>
      </symbol>
      <symbol id="sm-aa5">
         <name>SHT$$INIT_ARRAY$$Base</name>
         <value>0x0</value>
      </symbol>
   </symbol_table>
   <title>Link successful</title>
</link_info>
